10-27 23:41:54.153 8426-8426/? D/UsbConnectedService: Keyguard unlock!
10-27 23:41:54.163 327-327/? I/gralloc: Free handle(0x7f8d4b8e00)
10-27 23:41:54.175 1372-1372/? D/HwSmallMusicView: onDetachedFromWindow
10-27 23:41:54.175 1372-1372/? D/KeyguardStatusViewEx: KeyguardStatusViewEx onDetachedFromWindow
10-27 23:41:54.179 918-2061/? D/NetdConnector: SND -> {1756 bandwidth gettetherstats}
10-27 23:41:54.184 451-1006/? V/CommandListener: bwctrlcmd: argc=2 bandwidth gettetherstats ...
10-27 23:41:54.185 918-1230/? D/NetdConnector: RCV <- {200 1756 Tethering stats list completed}
10-27 23:41:54.186 918-1230/? D/NetdConnector: RCV <- {200 1756 Tethering stats list completed}
10-27 23:41:54.186 918-941/? I/HwMtmBroadcastResourceManager: removeReceiver mtm Broadcast
10-27 23:41:54.187 1372-1372/? D/KeyguardStatusViewEx: KeyguardStatusViewEx onDetachedFromWindow
10-27 23:41:54.187 918-2061/? W/NetworkStatsFactory: mStatsXtProcUid: /proc/net/comm/stats does not exist!
10-27 23:41:54.187 918-2061/? D/NetworkStats: mActiveIface: null
10-27 23:41:54.190 918-2061/? I/SendBroadcastPermission: action:com.android.server.action.NETWORK_STATS_UPDATED, mPermissionType:0
10-27 23:41:54.191 1771-2308/? E/HwSystemManager: TrafficNotifyAfterLocked:analyseTrafficAfterUnLocked: network template is null!
10-27 23:41:54.192 918-1232/? V/NetworkPolicy: updateNetworkEnabledLocked()
10-27 23:41:54.192 918-1232/? V/NetworkPolicy: updateNotificationsLocked()
10-27 23:41:54.217 1355-1355/? W/View: requestLayout() improperly called by com.android.systemui.statusbar.phone.IconMerger{9b9d29f V.E...... ......ID 0,0-270,72 #7f1000e8 app:id/notificationIcons} during layout: running second layout pass
10-27 23:41:54.224 1372-1372/? D/MagazineLockScreen: onDetachedFromWindow
10-27 23:41:54.224 1372-1372/? D/MagazineLockScreen: MagazineLockScreen refreshHwNotificationView visiblity=8
10-27 23:41:54.225 1372-1372/? I/HwMusicManager: unRegisterCallback com.android.huawei.music.HwMusicView$1@53d7674, callback size = 1
10-27 23:41:54.225 1372-1372/? I/HwMusic: endObserver mContext=com.android.keyguard.KeyguardApplication@d4587b0
10-27 23:41:54.226 918-2015/? I/HwMtmBroadcastResourceManager: removeReceiver mtm Broadcast
10-27 23:41:54.226 1372-1372/? D/HwLockScreenImpl: onDetachedFromWindow
10-27 23:41:54.227 918-1768/? I/HwMtmBroadcastResourceManager: removeReceiver mtm Broadcast
10-27 23:41:54.227 918-940/? I/HwMtmBroadcastResourceManager: removeReceiver mtm Broadcast
10-27 23:41:54.228 1372-1372/? D/KeyguardStatusViewEx: KeyguardStatusViewEx onDetachedFromWindow
10-27 23:41:54.228 1372-1372/? D/HwMusicView: onDetachedFromWindow
10-27 23:41:54.228 1372-1372/? I/InfoCenterView: unRegisterCallback com.android.huawei.music.HwMusicView$2@bf585e0, callback size = 1
10-27 23:41:54.228 1372-1372/? D/MusicUtils: sendLyricsBroadcast show=false,x=0,y=0
10-27 23:41:54.228 1372-1372/? I/SendBroadcastPermission: action:com.android.keyguard.intent.action.ACTION_LYRICS, mPermissionType:0
10-27 23:41:54.229 918-2020/? I/ActivityManager: collectReceiverComponents for intent: Intent { act=com.android.keyguard.intent.action.ACTION_LYRICS flg=0x20000010 pkg=com.android.mediacenter (has extras) }, receivers: null
10-27 23:41:54.229 1372-1372/? I/CameraLayout: onDetachedFromWindow
10-27 23:41:54.230 1372-1372/? D/KeyguardMultiUserSelectorView: KeyguardMultiUserSelectorView onDetachedFromWindow
10-27 23:41:54.230 918-1811/? I/HwMtmBroadcastResourceManager: removeReceiver mtm Broadcast
10-27 23:41:54.230 1372-1372/? D/HwNotification: HwNotificationView onDetachedFromWindow
10-27 23:41:54.231 2090-2090/? I/SendBroadcastPermission: action:com.huawei.android.action.WIDGET_FOCUS_CHANGE, mPermissionType:0
10-27 23:41:54.231 1372-1372/? W/HwNotification: setDisplayView linearlayout is nulll
10-27 23:41:54.231 1372-1372/? V/KeyguardDisplayManager: hide
10-27 23:41:54.231 918-1227/? I/ActivityManager: collectReceiverComponents for intent: Intent { act=com.huawei.android.action.WIDGET_FOCUS_CHANGE flg=0x10 (has extras) }, receivers: null
10-27 23:41:54.232 2090-2090/? I/SendBroadcastPermission: action:com.huawei.android.action.ACTION_UPDATE_TIME_CHECK, mPermissionType:0
10-27 23:41:54.233 918-2006/? I/ActivityManager: collectReceiverComponents for intent: Intent { act=com.huawei.android.action.ACTION_UPDATE_TIME_CHECK flg=0x10 pkg=com.huawei.android.totemweather (has extras) }, receivers: [ResolveInfo{a0b13f5 com.huawei.android.totemweather/.utils.CenterReceiver m=0x108000 euid=0}]
10-27 23:41:54.238 1372-1372/? D/KeyguardViewMediator: handleFingerTurnOnScreen skipped
10-27 23:41:54.243 918-940/? I/ActivityManager: retrieveServiceLocked, callerApp: ProcessRecord{7ab116c 9439:com.huawei.hwvplayer.youku:channel/u0a24}, flags: 400
10-27 23:41:54.244 918-940/? I/ActivityManager: bindServiceLocked, r: ServiceRecord{772a7fb u0 euid: 0 com.huawei.hwvplayer.youku/.TaobaoIntentService}, euid: 0
10-27 23:41:54.244 918-2020/? W/InputMethodManagerService: Window already focused, ignoring focus gain of: com.android.internal.view.IInputMethodClient$Stub$Proxy@2223018 attribute=android.view.inputmethod.EditorInfo@dc5fa71, token = android.os.BinderProxy@7770dbc
10-27 23:41:54.262 918-918/? D/HwCust: Create obj success use class android.content.res.HwCustHwResourcesImpl
10-27 23:41:54.280 1771-2271/? E/HwSystemManager: NatTrafficNotifyService:imsi is null, so return
10-27 23:41:54.298 918-1478/? I/ActivityManager: retrieveServiceLocked, callerApp: ProcessRecord{8bb30b6 21040:com.huawei.android.totemweather/u0a26}, flags: 400
10-27 23:41:54.299 918-1478/? I/ActivityManager: bindServiceLocked, r: ServiceRecord{46eccad u0 euid: 0 com.huawei.android.totemweather/.WeatherService}, euid: 0
10-27 23:41:54.304 21040-21040/? D/HwCust: Create obj success use class com.huawei.android.totemweather.utils.HwCustTotemLocationImpl
10-27 23:41:54.313 918-918/? D/HwCust: Create obj success use class android.content.res.HwCustHwResourcesImpl
10-27 23:41:54.320 21040-10153/? W/TotemWeather: WeatherTaskController warn: getWeatherTask is null, stop weather task thread
10-27 23:41:54.330 918-918/? D/HwCust: Create obj success use class android.content.res.HwCustHwResourcesImpl
10-27 23:41:54.361 918-918/? D/HwCust: Create obj success use class android.content.res.HwCustHwResourcesImpl
10-27 23:41:54.362 918-918/? D/WifiService: onReceive, action:android.intent.action.USER_PRESENT
10-27 23:41:54.365 1355-1355/? D/PhoneStatusBar: setSystemUiVisibility vis=c0000700 mask=ffffffff oldVal=4080070a newVal=c0000700 diff=8080000a navbar_vis=0
10-27 23:41:54.365 1355-1355/? D/PhoneStatusBar: sbMode=-1, nbMode=2mStatusBarMode=2, mNavigationBarMode=0
10-27 23:41:54.365 1355-1355/? D/BarTransitions.PhoneStatusBarView: MODE_TRANSLUCENT -> MODE_TRANSLUCENT animate=false
10-27 23:41:54.365 1355-1355/? D/BarTransitions.NavigationBarView: MODE_OPAQUE -> MODE_TRANSLUCENT animate=false
10-27 23:41:54.365 1355-1355/? D/BarTransitions.NavigationBarView: applyModeBackground MODE_TRANSLUCENT animate=false,mGradientBackground=true
10-27 23:41:54.365 1355-1355/? D/BarTransitions.NavigationBarView: Hide color layer
10-27 23:41:54.365 1355-1355/? D/TintManager: updateBarTint
10-27 23:41:54.367 10146-10146/? I/appproc: CLASSPATH=/system/framework/pm.jar
10-27 23:41:54.367 10146-10146/? I/appproc: Command=app_process /system/bin com.android.commands.pm.Pm install-write -S 1486102 763883996 0_app-debug -
10-27 23:41:54.367 10146-10146/? D/AndroidRuntime: >>>>>> START com.android.internal.os.RuntimeInit uid 2000 <<<<<<
10-27 23:41:54.371 10146-10146/? D/AndroidRuntime: CheckJNI is OFF
10-27 23:41:54.371 10146-10146/? I/AndroidRuntime: readDownloadBoosterConfig: 'false'
10-27 23:41:54.404 10146-10146/? D/ICU: No timezone override file found: /data/misc/zoneinfo/current/icu/icu_tzdata.dat
10-27 23:41:54.426 10146-10146/? I/HWSERVICES: hwnative_get_component_register:libdrmbitmap,JNI
10-27 23:41:54.436 10146-10146/? I/Radio-JNI: register_android_hardware_Radio DONE
10-27 23:41:54.441 10146-10146/? V/HwFrameworkFactory: : successes to get AllImpl object and return....
10-27 23:41:54.445 10146-10146/? I/android_hardware_fm.cpp: register_android_hardware_fm_fmradio
10-27 23:41:54.445 10146-10146/? I/android_hardware_fm.cpp: ========64bit long size = 8
10-27 23:41:54.445 10146-10146/? I/android_hardware_fm.cpp: FM: get chip type = hisi
10-27 23:41:54.446 10146-10146/? I/INI_SO: [ini_module_init:1008]ini module init func
10-27 23:41:54.446 10146-10146/? I/fm_hisi: FM::[fm_device_open:2784] fm_device_open
10-27 23:41:54.446 10146-10146/? I/fm_hisi: FM::[fm_device_open:2796] find the id:fm and begins to open the device
10-27 23:41:54.446 10146-10146/? I/fm_hisi: FM::[fm_device_open:2840] device open sucess
10-27 23:41:54.446 10146-10146/? I/android_hardware_fm.cpp: register_android_hardware_fm_fmradio, ret is 0
10-27 23:41:54.463 10146-10146/? D/AndroidRuntime: Calling main entry com.android.commands.pm.Pm
10-27 23:41:54.518 456-456/? I/installd: free_cache(1486102) avail 4328005632
10-27 23:41:54.638 918-928/? I/art: GC statistics: 1 time(s), freed 44309(3MB) objects, paused 2.485ms total 31.967ms
10-27 23:41:54.638 918-928/? I/art: Background partial concurrent mark sweep GC freed 43288(2MB) AllocSpace objects, 45(836KB) LOS objects, 9% free, 38MB/42MB, paused 1.898ms total 160.284ms at HeapTaskDaemon thread CareAboutPauseTimes 1
10-27 23:41:54.684 10146-10146/? I/art: System.exit called, status: 0
10-27 23:41:54.684 10146-10146/? I/AndroidRuntime: VM exiting with result code 0.
10-27 23:41:54.954 8426-8426/? D/UsbConnectedService: handleMessage, msg.what = 2
10-27 23:41:54.962 918-2000/? I/HwActivityManagerService: PackageName for pid 8426 is com.android.settings
10-27 23:41:54.964 918-940/? I/HwActivityManagerService: PackageName for pid 8426 is com.android.settings
10-27 23:41:54.965 918-2061/? I/HwActivityManagerService: PackageName for pid 8426 is com.android.settings
10-27 23:41:54.966 918-1811/? I/HwActivityManagerService: PackageName for pid 8426 is com.android.settings
10-27 23:41:55.102 8426-8426/? D/UsbConnectedService: updateButtons, function = mtp
10-27 23:41:55.103 918-1510/? I/HwActivityManagerService: PackageName for pid 8426 is com.android.settings
10-27 23:41:55.128 10163-10163/? I/appproc: CLASSPATH=/system/framework/pm.jar
10-27 23:41:55.128 10163-10163/? I/appproc: Command=app_process /system/bin com.android.commands.pm.Pm install-commit 763883996
10-27 23:41:55.128 10163-10163/? D/AndroidRuntime: >>>>>> START com.android.internal.os.RuntimeInit uid 2000 <<<<<<
10-27 23:41:55.130 918-918/? W/NotificationService: NOSOUND: no valid sound
10-27 23:41:55.132 10163-10163/? D/AndroidRuntime: CheckJNI is OFF
10-27 23:41:55.133 10163-10163/? I/AndroidRuntime: readDownloadBoosterConfig: 'false'
10-27 23:41:55.133 1355-14313/? D/StatusBar: onNotificationPosted: StatusBarNotification(pkg=com.android.settings user=UserHandle{0} id=1000001 tag=null score=10 key=0|com.android.settings|1000001|null|1000: Notification(pri=1 contentView=com.android.settings/0x1090084 vibrate=null sound=null tick defaults=0x0 flags=0x2 color=0x00000000 vis=PRIVATE)), when=Sun Oct 27 23:28:56 GMT+08:00 2019
10-27 23:41:55.162 1355-1467/? D/HwNotificationHelper: process: notification=StatusBarNotification(pkg=com.android.settings user=UserHandle{0} id=1000001 tag=null score=10 key=0|com.android.settings|1000001|null|1000: Notification(pri=1 contentView=com.android.settings/0x1090084 vibrate=null sound=null tick defaults=0x0 flags=0x2 color=0x00000000 vis=PRIVATE)), when=Sun Oct 27 23:28:56 GMT+08:00 2019
10-27 23:41:55.164 1355-1467/? D/NotificationIconHelper: isCloneProcess, pid = 8426
10-27 23:41:55.165 10163-10163/? D/ICU: No timezone override file found: /data/misc/zoneinfo/current/icu/icu_tzdata.dat
10-27 23:41:55.166 1355-1355/? D/StatusBar: onNotificationPosted  sbn_name = com.android.settings sbn_key = 0|com.android.settings|1000001|null|1000 ,sbn_id = 1000001, headsUp.getKey()null
10-27 23:41:55.166 1355-1355/? D/TetheringUtil: isTheringNotificationFromFrameworks
10-27 23:41:55.166 1355-1355/? D/TetheringUtil: isTheringNotificationFromFrameworks iconId:17303137 17303171 33751650 com.android.settings
10-27 23:41:55.166 1355-1355/? D/TetheringUtil: isTheringNotificationFromFrameworks result:false
10-27 23:41:55.166 1355-1355/? D/TetheringUtil: isOtherWifiApNotificationFromFrameworks
10-27 23:41:55.166 1355-1355/? D/TetheringUtil: isOtherWifiApNotificationFromFrameworks iconId:17303137 17303169 33751645 com.android.settings
10-27 23:41:55.166 1355-1355/? D/TetheringUtil: isOtherWifiApNotificationFromFrameworks  result:false
10-27 23:41:55.168 1355-1355/? D/NotificationIconHelper: isCloneProcess, pid = 8426
10-27 23:41:55.186 10163-10163/? I/HWSERVICES: hwnative_get_component_register:libdrmbitmap,JNI
10-27 23:41:55.196 10163-10163/? I/Radio-JNI: register_android_hardware_Radio DONE
10-27 23:41:55.202 10163-10163/? V/HwFrameworkFactory: : successes to get AllImpl object and return....
10-27 23:41:55.205 10163-10163/? I/android_hardware_fm.cpp: register_android_hardware_fm_fmradio
10-27 23:41:55.205 10163-10163/? I/android_hardware_fm.cpp: ========64bit long size = 8
10-27 23:41:55.205 10163-10163/? I/android_hardware_fm.cpp: FM: get chip type = hisi
10-27 23:41:55.206 10163-10163/? I/INI_SO: [ini_module_init:1008]ini module init func
10-27 23:41:55.206 10163-10163/? I/fm_hisi: FM::[fm_device_open:2784] fm_device_open
10-27 23:41:55.206 10163-10163/? I/fm_hisi: FM::[fm_device_open:2796] find the id:fm and begins to open the device
10-27 23:41:55.206 10163-10163/? I/fm_hisi: FM::[fm_device_open:2840] device open sucess
10-27 23:41:55.207 10163-10163/? I/android_hardware_fm.cpp: register_android_hardware_fm_fmradio, ret is 0
10-27 23:41:55.213 1355-1355/? D/TetheringUtil: isTheringWifiIcon:2131035558
10-27 23:41:55.213 1355-1355/? D/TetheringUtil: isTheringWifiIcon resultfalse
10-27 23:41:55.213 1355-1355/? D/TetheringUtil: isTheringWifiIcon:33751058
10-27 23:41:55.213 1355-1355/? D/TetheringUtil: isTheringWifiIcon resultfalse
10-27 23:41:55.213 1355-1355/? D/TetheringUtil: isTheringWifiIcon:2130837567
10-27 23:41:55.213 1355-1355/? D/TetheringUtil: isTheringWifiIcon resultfalse
10-27 23:41:55.213 1355-1355/? D/TetheringUtil: isTheringWifiIcon:2130837580
10-27 23:41:55.213 1355-1355/? D/TetheringUtil: isTheringWifiIcon resultfalse
10-27 23:41:55.213 1355-1355/? D/TetheringUtil: isTheringWifiIcon:2130837639
10-27 23:41:55.213 1355-1355/? D/TetheringUtil: isTheringWifiIcon resultfalse
10-27 23:41:55.224 10163-10163/? D/AndroidRuntime: Calling main entry com.android.commands.pm.Pm
10-27 23:41:55.235 1355-1355/? W/View: requestLayout() improperly called by com.android.systemui.statusbar.phone.IconMerger{9b9d29f V.E...... ......ID 0,0-270,72 #7f1000e8 app:id/notificationIcons} during second layout pass: posting in next frame
10-27 23:41:55.321 918-1016/? I/ActivityManager: retrieveServiceLocked, callerApp: ProcessRecord{6ad1ede 0:system/1000}, flags: 400
10-27 23:41:55.322 918-1016/? I/ActivityManager: bindServiceLocked, r: ServiceRecord{53985eb u0 euid: 0 com.android.defcontainer/.DefaultContainerService}, euid: 0
10-27 23:41:55.335 2021-2034/? I/PgedBinderListener: kstate callback type:16 value1=8794 value2=CALLED
10-27 23:41:55.453 918-918/? D/WifiService: onReceive, action:android.intent.action.BATTERY_CHANGED
10-27 23:41:55.453 918-918/? D/WifiService: ACTION_BATTERY_CHANGED pluggedType: 2
10-27 23:41:55.457 918-1016/? W/CfgFilePolicy: No config file found for:dexopt/never_dexopt_apklist.cfg
10-27 23:41:55.457 918-1016/? W/CfgFilePolicy: No config file found for:dexopt/dexopt_in_bootup_apklist.cfg
10-27 23:41:55.470 918-1016/? I/PackageManager.DexOptimizer: Running dexopt (dex2oat) on: /data/app/vmdl763883996.tmp/base.apk pkg=com.lingsh.android.geoquiz3challenge isa=arm64 vmSafeMode=false debuggable=true oatDir = /data/app/vmdl763883996.tmp/oat
10-27 23:41:55.472 918-918/? D/HwGpsPowerTracker: ACTION_BATTERY_CHANGED pluggedType: 2
10-27 23:41:55.472 1355-1355/? D/PowerUI: level:86-->86 status:2-->2 plugType:2-->2 invalidCharger:0-->0 bucket:1-->1 plugged:true-->true
10-27 23:41:55.473 2049-4057/? D/HwPowerMonitor.Utils: ScrOff setChargingState mIsCharging = true
10-27 23:41:55.473 2049-4057/? I/HwPowerMonitor.PowerExceptionObservable: unhandled onEvent actionID: 3002
10-27 23:41:55.473 2049-4057/? W/HwPowerMonitor.DayActObserver: mModemLogStatsTimes = 0, ModemLogState = 0
10-27 23:41:55.473 2049-4057/? W/HwPowerMonitor.DayActObserver: BAT_CHANGED, mIsScrnOffBatStatsEnabled = true, mIsCharging = true, mIsScrnOfBatDropMonitorStart = false
10-27 23:41:55.560 10173-10173/? I/dex2oat: /system/bin/dex2oat --debuggable
10-27 23:41:55.713 10173-10175/? W/dex2oat: Before Android 4.1, method int androidx.appcompat.widget.DropDownListView.lookForSelectablePosition(int, boolean) would have incorrectly overridden the package-private method in android.widget.ListView
10-27 23:41:55.734 10173-10173/? W/dex2oat: Before Android 4.1, method int androidx.appcompat.widget.MenuPopupWindow$MenuDropDownListView.lookForSelectablePosition(int, boolean) would have incorrectly overridden the package-private method in android.widget.ListView
10-27 23:41:55.740 10173-10176/? W/dex2oat: Before Android 4.1, method android.graphics.PorterDuffColorFilter androidx.vectordrawable.graphics.drawable.VectorDrawableCompat.updateTintFilter(android.graphics.PorterDuffColorFilter, android.content.res.ColorStateList, android.graphics.PorterDuff$Mode) would have incorrectly overridden the package-private method in android.graphics.drawable.Drawable
10-27 23:41:56.140 1771-1786/? D/DeviceInfo: ramSize =2097152
10-27 23:41:56.481 465-465/? E/Thermal-daemon: [Thermal_Hw] temperature_valid, battery : temperature is invalid, invalid temperatrue is 29
10-27 23:41:56.482 465-465/? E/Thermal-daemon: [Thermal_Hw] temperature_filter: get invalid temperature, use old temp
10-27 23:41:56.482 465-465/? E/Thermal-daemon: [pa_0] temp_new :31  temp_old :30
10-27 23:41:56.482 465-465/? E/Thermal-daemon: Report temperature: [pa_0] temp :31  report_threshold:1
10-27 23:41:56.483 465-465/? E/Thermal-daemon: [ap] temp_new :31  temp_old :30
10-27 23:41:56.483 465-465/? E/Thermal-daemon: Report temperature: [ap] temp :31  report_threshold:1
10-27 23:41:56.484 2021-2531/? D/ThermalStateManager: Thermal type: 1 cur_temperature:31
10-27 23:41:56.486 2021-2531/? D/ThermalStateManager: Thermal type: 0 cur_temperature:31
10-27 23:41:56.951 10173-10173/? I/dex2oat: dex2oat took 1.391s (threads: 4)
10-27 23:41:56.983 918-978/? I/ActivityManager: Force stopping com.lingsh.android.geoquiz3challenge appid=10118 user=-1: uninstall pkg
10-27 23:41:56.984 918-978/? D/HwBroadcastQueue: cleanupDisabledPackageReceiversLocked for userId -1
10-27 23:41:56.984 918-978/? D/HwBroadcastQueue: cleanupDisabledPackageReceiversLocked for userId -1
10-27 23:41:56.984 918-978/? D/HwBroadcastQueue: cleanupDisabledPackageReceiversLocked for userId -1
10-27 23:41:56.984 918-978/? D/HwBroadcastQueue: cleanupDisabledPackageReceiversLocked for userId -1
10-27 23:41:57.132 918-1016/? I/PackageManager: Package com.lingsh.android.geoquiz3challenge codePath changed from /data/app/com.lingsh.android.geoquiz3challenge-1 to /data/app/com.lingsh.android.geoquiz3challenge-2; Retaining data and using new
10-27 23:41:57.133 918-1016/? W/PackageManager: Code path for com.lingsh.android.geoquiz3challenge changing from /data/app/com.lingsh.android.geoquiz3challenge-1 to /data/app/com.lingsh.android.geoquiz3challenge-2
10-27 23:41:57.133 918-1016/? W/PackageManager: Resource path for com.lingsh.android.geoquiz3challenge changing from /data/app/com.lingsh.android.geoquiz3challenge-1 to /data/app/com.lingsh.android.geoquiz3challenge-2
10-27 23:41:57.133 918-978/? I/ActivityManager: Force stopping com.lingsh.android.geoquiz3challenge appid=10118 user=-1: replace pkg
10-27 23:41:57.133 918-978/? D/HwBroadcastQueue: cleanupDisabledPackageReceiversLocked for userId -1
10-27 23:41:57.133 918-978/? D/HwBroadcastQueue: cleanupDisabledPackageReceiversLocked for userId -1
10-27 23:41:57.133 918-978/? D/HwBroadcastQueue: cleanupDisabledPackageReceiversLocked for userId -1
10-27 23:41:57.133 918-978/? D/HwBroadcastQueue: cleanupDisabledPackageReceiversLocked for userId -1
10-27 23:41:57.332 918-1016/? I/HwPackageManagerService: AntiMalware is closed
10-27 23:41:57.332 918-1016/? W/Settings: Setting install_non_market_apps has moved from android.provider.Settings.Global to android.provider.Settings.Secure, returning read-only value.
10-27 23:41:57.333 918-1016/? W/ContextImpl: Calling a method in the system process without a qualified user: android.app.ContextImpl.sendBroadcast:872 com.android.server.pm.HwPackageManagerService.parseInstalledPkgInfo:2300 com.android.server.pm.PackageManagerService.parseInstalledPkgInfo:18471 com.android.server.pm.PackageManagerService.access$1400:342 com.android.server.pm.PackageManagerService$PackageHandler.doHandleMessage:1537
10-27 23:41:57.333 918-1016/? I/SendBroadcastPermission: action:com.huawei.android.action.GET_PACKAGE_INSTALLATION_INFO, mPermissionType:0
10-27 23:41:57.333 918-1016/? V/HwPackageManagerService: POST_INSTALL:  pkgName = com.lingsh.android.geoquiz3challenge, pkgUri = /data/app/vmdl763883996.tmp, pkgVerName = 1.0, pkgVerCode = 1, resultCode = 1, pkgUpdate = true
10-27 23:41:57.333 918-1016/? I/art: Starting a blocking GC Explicit
10-27 23:41:57.338 1771-1771/? I/HwSystemManager: HandleInstalledPackageInfoService:onReceive  action is com.huawei.android.action.GET_PACKAGE_INSTALLATION_INFO
10-27 23:41:57.338 1771-1771/? E/HwSystemManager: HandleInstalledPackageInfoService:second action: pkgData is null
10-27 23:41:57.453 918-1016/? I/art: GC statistics: 1 time(s), freed 48337(3MB) objects, paused 2.206ms total 47.207ms
10-27 23:41:57.453 918-1016/? I/art: Explicit concurrent mark sweep GC freed 79469(3MB) AllocSpace objects, 8(160KB) LOS objects, 9% free, 37MB/41MB, paused 1.911ms total 119.416ms at PackageManager thread CareAboutPauseTimes 1
10-27 23:41:57.453 918-1016/? W/RMS.SmartShrinker: SmartShrinker is runing in pid =918 reclaim mode = 3
10-27 23:41:57.474 918-1016/? W/PackageManager: Couldn't remove dex file for package:  at location /data/app/com.lingsh.android.geoquiz3challenge-1/base.apk, retcode=-1
10-27 23:41:57.475 456-456/? E/installd: Couldn't opendir /data/app/vmdl763883996.tmp: No such file or directory
10-27 23:41:57.476 918-1016/? I/ActivityManager: Force stopping com.lingsh.android.geoquiz3challenge appid=10118 user=0: pkg removed
10-27 23:41:57.477 918-1016/? D/HwBroadcastQueue: cleanupDisabledPackageReceiversLocked for userId 0
10-27 23:41:57.477 918-1016/? D/HwBroadcastQueue: cleanupDisabledPackageReceiversLocked for userId 0
10-27 23:41:57.477 918-1016/? D/HwBroadcastQueue: cleanupDisabledPackageReceiversLocked for userId 0
10-27 23:41:57.477 918-1016/? D/HwBroadcastQueue: cleanupDisabledPackageReceiversLocked for userId 0
10-27 23:41:57.480 918-1016/? I/ActivityManager: collectReceiverComponents for intent: Intent { act=android.intent.action.PACKAGE_REMOVED dat=package:com.lingsh.android.geoquiz3challenge flg=0x4000010 (has extras) }, receivers: [ResolveInfo{53ad4de com.huawei.appmarket/.service.installresult.control.InstallerReceiver p=2147483647 m=0x208000 euid=0}, ResolveInfo{89c76bf com.android.contacts/.compatibility.ContactsProviderReceiver p=1000 m=0x208000 euid=0}, ResolveInfo{d86f18c com.android.providers.contacts/.PackageIntentReceiver m=0x208000 euid=0}, ResolveInfo{e55b0d5 com.android.gallery3d/com.huawei.gallery.photoshare.receiver.GalleryPackageMonitor m=0x208000 euid=0}, ResolveInfo{1b60ea com.android.vending/com.google.android.finsky.receivers.PackageMonitorReceiver$RegisteredReceiver m=0x208000 euid=0}, ResolveInfo{22bbfdb com.huawei.motionservice/.motionexception.MotionBootReceiver m=0x208000 euid=0}, ResolveInfo{f779a78 com.huawei.systemmanager/com.huawei.notificationmanager.receiver.Receiver m=0x208000 euid=0}, ResolveInfo{7cd8551 com.huawei.systemmanager/com.huawei.permissionmanager.ui.AppInstallationReceiver m=0x208000 euid=0}, ResolveInfo{ec6a1b6 com.huawei.systemmanager/.optimize.OptimizeReceiver m=0x208000 euid=0}, ResolveInfo{89c7eb7 com.huawei.systemmanager/com.huawei.permissionmanager.ui.ComBroadcastReceiver m=0x208000 euid=0}, ResolveInfo{1c7e624 com.huawei.systemmanager/.power.receiver.BootBroadcastReceiver m=0x208000 euid=0}, ResolveInfo{e14258d com.huawei.systemmanager/.netassistant.netapp.receiver.AppChangeReceiver m=0x208000 euid=0}, ResolveInfo{a132342 com.huawei.systemmanager/.antivirus.AntiVirusReceiver m=0x208000 euid=0}, ResolveInfo{5f04f53 com.huawei.systemmanager/.addviewmonitor.AppChangeReceiver m=0x208000 euid=0}, ResolveInfo{caf4090 com.huawei.systemmanager/.spacecleanner.receiver.SpaceCleanReceiver m=0x208000 euid=0}, ResolveInfo{baa8d89 com.android.settings/.applications.BlackListReceiver m=0x208000 euid=0}, ResolveInfo{fb4318e com.huawei.android.remotecontrol/com.huawei.android.pushagent.PushEventReceiver m=0x208000 euid=0}, ResolveInfo{8a68daf com.huawei.android.pushagent/.PushEventReceiver m=0x208000 euid=0}, ResolveInfo{26fd5bc com.huawei.securitymgr/.AppUninstallReceiver m=0x208000 euid=0}, ResolveInfo{8257945 com.huawei.bd/.collector.BDReceiver m=0x208000 euid=0}, ResolveInfo{345d89a com.android.keychain/.KeyChainBroadcastReceiver m=0x208000 euid=0}, ResolveInfo{dd855cb com.huawei.hwvplayer.youku/com.taobao.accs.EventReceiver m=0x208000 euid=0}, ResolveInfo{54291a8 com.huawei.hwvplayer.youku/com.taobao.agoo.AgooCommondReceiver m=0x208000 euid=0}, ResolveInfo{5a964c1 com.huawei.hwvplayer.youku/cn.com.iresearch.phonemonitor.library.receiver.WakeUpReceiver m=0x208000 euid=0}, ResolveInfo{418e466 com.huawei.hwvplayer.youku/cn.com.iresearch.phonemonitor.library.receiver.ApplicationStatusReceiver m=0x208000 euid=0}]
10-27 23:41:57.483 918-1016/? I/ActivityManager: collectReceiverComponents for intent: Intent { act=android.intent.action.PACKAGE_ADDED dat=package:com.lingsh.android.geoquiz3challenge flg=0x4000010 (has extras) }, receivers: [ResolveInfo{32054 com.huawei.appmarket/.service.installresult.control.InstallerReceiver p=2147483647 m=0x208000 euid=0}, ResolveInfo{a268bfd com.android.contacts/.compatibility.ContactsProviderReceiver p=1000 m=0x208000 euid=0}, ResolveInfo{3bee0f2 com.android.providers.contacts/.PackageIntentReceiver m=0x208000 euid=0}, ResolveInfo{dfbb343 com.google.android.partnersetup/.RlzPingBroadcastReceiver m=0x208000 euid=0}, ResolveInfo{d9bedc0 com.google.android.partnersetup/.AppInstalledReceiver m=0x208000 euid=0}, ResolveInfo{54eaf9 com.android.gallery3d/com.huawei.gallery.photoshare.receiver.GalleryPackageMonitor m=0x208000 euid=0}, ResolveInfo{9561a3e com.android.vending/com.google.android.finsky.receivers.PackageMonitorReceiver$RegisteredReceiver m=0x208000 euid=0}, ResolveInfo{f9c409f com.svox.pico/.VoiceDataInstallerReceiver m=0x208000 euid=0}, ResolveInfo{b3225ec com.huawei.systemmanager/com.huawei.notificationmanager.receiver.Receiver m=0x208000 euid=0}, ResolveInfo{c703db5 com.huawei.systemmanager/com.huawei.permissionmanager.ui.AppInstallationReceiver m=0x208000 euid=0}, ResolveInfo{d959c4a com.huawei.systemmanager/.optimize.OptimizeReceiver m=0x208000 euid=0}, ResolveInfo{98e47bb com.huawei.systemmanager/.power.receiver.BootBroadcastReceiver m=0x208000 euid=0}, ResolveInfo{111b4d8 com.huawei.systemmanager/.netassistant.netapp.receiver.AppChangeReceiver m=0x208000 euid=0}, ResolveInfo{b40031 com.huawei.systemmanager/.antivirus.AntiVirusReceiver m=0x208000 euid=0}, ResolveInfo{b993316 com.huawei.systemmanager/.addviewmonitor.AppChangeReceiver m=0x208000 euid=0}, ResolveInfo{6cfa497 com.huawei.systemmanager/.rainbow.client.background.broadcast.SecurityBroadcastReceiver m=0x208000 euid=0}, ResolveInfo{e594684 com.huawei.systemmanager/.spacecleanner.receiver.SpaceCleanReceiver m=0x208000 euid=0}, ResolveInfo{d976e6d com.android.phone/.vvm.omtp.VvmPackageInstallReceiver m=0x208000 euid=0}, ResolveInfo{26d6aa2 com.android.settings/.applications.BlackListReceiver m=0x208000 euid=0}, ResolveInfo{a5ff333 com.huawei.android.remotecontrol/com.huawei.android.pushagent.PushEventReceiver m=0x208000 euid=0}, ResolveInfo{36646f0 com.huawei.android.pushagent/.PushEventReceiver m=0x208000 euid=0}, ResolveInfo{9c98469 com.huawei.securitymgr/.AppUninstallReceiver m=0x208000 euid=0}, ResolveInfo{35b8eee com.huawei.bd/.collector.BDReceiver m=0x208000 euid=0}, ResolveInfo{d9c8f8f com.huawei.hwvplayer.youku/cn.com.iresearch.phonemonitor.library.receiver.WakeUpReceiver m=0x208000 euid=0}, ResolveInfo{700e21c com.huawei.hwvplayer.youku/cn.com.iresearch.phonemonitor.library.receiver.ApplicationStatusReceiver m=0x208000 euid=0}]
10-27 23:41:57.485 918-1016/? I/ActivityManager: collectReceiverComponents for intent: Intent { act=android.intent.action.PACKAGE_REPLACED dat=package:com.lingsh.android.geoquiz3challenge flg=0x4000010 (has extras) }, receivers: [ResolveInfo{8f5abfa com.huawei.appmarket/.service.installresult.control.InstallerReceiver p=2147483647 m=0x208000 euid=0}, ResolveInfo{85c95ab com.android.contacts/.compatibility.ContactsProviderReceiver p=1000 m=0x208000 euid=0}, ResolveInfo{2480408 com.android.providers.contacts/.PackageIntentReceiver m=0x208000 euid=0}, ResolveInfo{1457a1 com.huawei.systemmanager/.antivirus.AntiVirusReceiver m=0x208000 euid=0}, ResolveInfo{2e28dc6 com.android.settings/.applications.BlackListReceiver m=0x208000 euid=0}, ResolveInfo{ecce187 com.huawei.bd/.collector.BDReceiver m=0x208000 euid=0}, ResolveInfo{f5d58b4 com.huawei.hwvplayer.youku/cn.com.iresearch.phonemonitor.library.receiver.WakeUpReceiver m=0x208000 euid=0}, ResolveInfo{afdccdd com.huawei.hwvplayer.youku/cn.com.iresearch.phonemonitor.library.receiver.ApplicationStatusReceiver m=0x208000 euid=0}]
10-27 23:41:57.485 10163-10163/? I/art: System.exit called, status: 0
10-27 23:41:57.485 10163-10163/? I/AndroidRuntime: VM exiting with result code 0.
10-27 23:41:57.485 918-1016/? I/ActivityManager: collectReceiverComponents for intent: Intent { act=android.intent.action.MY_PACKAGE_REPLACED flg=0x4000010 pkg=com.lingsh.android.geoquiz3challenge (has extras) }, receivers: null
10-27 23:41:57.488 1355-1355/? I/IntelligentScene: mPackageReceiver, action= android.intent.action.PACKAGE_REMOVED
10-27 23:41:57.488 1355-1355/? I/IntelligentScene: packageName = com.lingsh.android.geoquiz3challenge
10-27 23:41:57.490 2090-2090/? I/HwLauncher: SimpleLauncherModeaction= android.intent.action.PACKAGE_REMOVEDpackageName = com.lingsh.android.geoquiz3challenge
10-27 23:41:57.490 2090-2090/? I/HwLauncher: LauncherDownloadModel onReceive intent=Intent { act=android.intent.action.PACKAGE_REMOVED dat=package:com.lingsh.android.geoquiz3challenge flg=0x4000010 (has extras) }
10-27 23:41:57.491 918-1232/? V/NetworkPolicy: ACTION_PACKAGE_ADDED for uid=10118
10-27 23:41:57.496 918-2063/? I/ActivityManager: retrieveServiceLocked, callerApp: ProcessRecord{b0fe7ac 1355:com.android.systemui/u0a29}, flags: 400
10-27 23:41:57.496 918-918/? I/SmartHeartBeat: listenAppUpdate, package: com.lingsh.android.geoquiz3challenge has been Updated
10-27 23:41:57.496 918-2063/? I/ActivityManager: bindServiceLocked, r: ServiceRecord{10c0f23 u0 euid: 0 com.android.systemui/.statusbar.toolbox.ToolBoxService}, euid: 0
10-27 23:41:57.496 918-918/? E/HwBastetService: name: com.lingsh.android.geoquiz3challenge
10-27 23:41:57.496 918-918/? E/HwBastetService: len: 1, name: com.lingsh.android.geoquiz3challenge, uid: 10118
10-27 23:41:57.496 918-918/? D/HwBastetService: BroadcastReceiver android.intent.action.PACKAGE_REMOVED
10-27 23:41:57.497 918-918/? D/JobSchedulerService: Receieved: android.intent.action.PACKAGE_REMOVED
10-27 23:41:57.497 918-918/? D/NetdConnector: SND -> {1757 network permission user clear 10118}
10-27 23:41:57.497 2090-2090/? I/HwLauncher: SimpleLauncherModeaction= android.intent.action.PACKAGE_ADDEDpackageName = com.lingsh.android.geoquiz3challenge
10-27 23:41:57.497 2090-2090/? I/HwLauncher: LauncherDownloadModel onReceive intent=Intent { act=android.intent.action.PACKAGE_ADDED dat=package:com.lingsh.android.geoquiz3challenge flg=0x4000010 (has extras) }
10-27 23:41:57.499 2090-2191/? I/HwLauncher: SimpleLauncherModemAllAppsList.updatePackage com.lingsh.android.geoquiz3challenge
10-27 23:41:57.500 6465-6465/? I/PushLog2714: [main-1]action is android.intent.action.PACKAGE_REMOVED(android/null:-1)
10-27 23:41:57.501 2090-2191/? I/HwLauncher: SimpleAllAppsList  updatePackage : package[com.lingsh.android.geoquiz3challenge] matched activity's size is 1 and data List size is 0
10-27 23:41:57.501 1355-1355/? I/IntelligentScene: mPackageReceiver, action= android.intent.action.PACKAGE_ADDED
10-27 23:41:57.501 1355-1355/? I/IntelligentScene: packageName = com.lingsh.android.geoquiz3challenge
10-27 23:41:57.501 2090-2191/? D/HwLauncher: Launcher.LauncherProvider  launcher-restore query - uri:content://com.huawei.android.launcher.settings/favorites_simpleui?notify=false
10-27 23:41:57.502 1355-1355/? I/IntelligentScene: mPackageReceiver, action= android.intent.action.PACKAGE_REPLACED
10-27 23:41:57.502 1355-1355/? I/IntelligentScene: packageName = com.lingsh.android.geoquiz3challenge
10-27 23:41:57.507 1355-10182/? I/EyeComfortModeTracker: isPhoneEyesSupporttrue
10-27 23:41:57.507 1771-1771/? I/HwSystemManager: HsmPackageManager:Receive intent:Intent { act=android.intent.action.PACKAGE_REMOVED dat=package:com.lingsh.android.geoquiz3challenge flg=0x4000010 (has extras) }
10-27 23:41:57.508 1771-1771/? I/HwSystemManager: HsmPackageManager:replacing:true
10-27 23:41:57.508 1355-10182/? I/EyeComfortModeTracker: isPhoneEyesSupporttrue
10-27 23:41:57.508 1771-1771/? I/HwSystemManager: HsmPackageManager:Receive intent:Intent { act=android.intent.action.PACKAGE_ADDED dat=package:com.lingsh.android.geoquiz3challenge flg=0x4000010 (has extras) }
10-27 23:41:57.508 1771-1771/? I/HwSystemManager: HsmPackageManager:replacing:true
10-27 23:41:57.508 1771-1771/? I/HwSystemManager: HsmPackageManager:pkgName:com.lingsh.android.geoquiz3challenge
10-27 23:41:57.514 918-1230/? D/NetdConnector: RCV <- {200 1757 success}
10-27 23:41:57.514 918-1230/? D/NetdConnector: RCV <- {200 1757 success}
10-27 23:41:57.516 1771-1771/? I/HwSystemManager: HsmPackageManager:doAppInstalled, installed: com.lingsh.android.geoquiz3challenge, prePkgExist:true, replacing:true
10-27 23:41:57.523 6409-6409/? I/HwSystemManager: HsmPackageManager:Receive intent:Intent { act=android.intent.action.PACKAGE_REMOVED dat=package:com.lingsh.android.geoquiz3challenge flg=0x4000010 (has extras) }
10-27 23:41:57.523 6409-6409/? I/HwSystemManager: HsmPackageManager:replacing:true
10-27 23:41:57.523 6409-6409/? I/HwSystemManager: HsmPackageManager:Receive intent:Intent { act=android.intent.action.PACKAGE_ADDED dat=package:com.lingsh.android.geoquiz3challenge flg=0x4000010 (has extras) }
10-27 23:41:57.523 6409-6409/? I/HwSystemManager: HsmPackageManager:replacing:true
10-27 23:41:57.523 6409-6409/? I/HwSystemManager: HsmPackageManager:pkgName:com.lingsh.android.geoquiz3challenge
10-27 23:41:57.526 918-1207/? D/HwBatteryService: onUEvent fcp_values = 0
10-27 23:41:57.547 2090-2191/? I/HwLauncher: Launcher.LauncherProvider  queried count: 0
10-27 23:41:57.553 2325-2386/? I/ContactsPerf: AccountTypeManager.loadAccountsInBackground start
10-27 23:41:57.564 2090-2191/? I/HwLauncher: SimpleAllAppsList  findAndUpdateInfoInDB : found 0 shortcutInfo for package[com.lingsh.android.geoquiz3challenge] in db
10-27 23:41:57.564 2090-2191/? I/HwLauncher: SimpleAllAppsList  updatePackage do not add new SimpleApplicationInfo,It's in normal now. package = com.lingsh.android.geoquiz3challenge
10-27 23:41:57.564 2090-2191/? W/HwLauncher: SimpleLauncherModeNobody to tell about the new app.  Launcher is probably loading.
10-27 23:41:57.564 1771-1771/? I/HwSystemManager: HsmPackageManager:Receive intent:Intent { act=android.intent.action.PACKAGE_REPLACED dat=package:com.lingsh.android.geoquiz3challenge flg=0x4000010 (has extras) }
10-27 23:41:57.564 1771-1771/? I/HwSystemManager: HsmPackageManager:replacing:true
10-27 23:41:57.564 1771-1771/? I/HwSystemManager: HsmPackageManager:pkgName:com.lingsh.android.geoquiz3challenge
10-27 23:41:57.565 2090-2099/? I/art: GC statistics: 5 time(s), freed 22558(17MB) objects, paused 3.914ms total 131.523ms
10-27 23:41:57.565 2090-2099/? I/art: Background partial concurrent mark sweep GC freed 2659(185KB) AllocSpace objects, 5(1340KB) LOS objects, 12% free, 27MB/31MB, paused 15.344ms total 74.257ms at HeapTaskDaemon thread CareAboutPauseTimes 1
10-27 23:41:57.565 1771-1771/? I/HwSystemManager: HsmPackageManager:doAppChanged, put com.lingsh.android.geoquiz3challenge, path:/data/app/com.lingsh.android.geoquiz3challenge-2
10-27 23:41:57.571 6409-6409/? I/HwSystemManager: HsmPackageManager:doAppInstalled, installed: com.lingsh.android.geoquiz3challenge, prePkgExist:true, replacing:true
10-27 23:41:57.572 6409-6409/? I/HwSystemManager: HsmPackageManager:Receive intent:Intent { act=android.intent.action.PACKAGE_REPLACED dat=package:com.lingsh.android.geoquiz3challenge flg=0x4000010 (has extras) }
10-27 23:41:57.572 6409-6409/? I/HwSystemManager: HsmPackageManager:replacing:true
10-27 23:41:57.572 6409-6409/? I/HwSystemManager: HsmPackageManager:pkgName:com.lingsh.android.geoquiz3challenge
10-27 23:41:57.573 6409-6409/? I/HwSystemManager: HsmPackageManager:doAppChanged, put com.lingsh.android.geoquiz3challenge, path:/data/app/com.lingsh.android.geoquiz3challenge-2
10-27 23:41:57.588 2036-2036/? D/CarrierServiceBindHelper: Receive action: android.intent.action.PACKAGE_REMOVED
10-27 23:41:57.591 918-1009/? D/HwCust: Create obj success use class android.content.res.HwCustHwResourcesImpl
10-27 23:41:57.594 918-1221/? I/InputReader: Reconfiguring input devices.  changes=0x00000010
10-27 23:41:57.596 918-1221/? I/InputReader: Reconfiguring input devices.  changes=0x00000010
10-27 23:41:57.597 918-1221/? I/InputReader: Reconfiguring input devices.  changes=0x00000010
10-27 23:41:57.608 8521-8584/? I/HiApp.PackageService: main{1} BaseAppDataManage apkChangedReceiver, action = android.intent.action.PACKAGE_REMOVED,packageName:com.lingsh.android.geoquiz3challenge
10-27 23:41:57.613 1771-2377/? W/HwSystemManager: StartupConfData:getStartupAllowCfgCloud for com.lingsh.android.geoquiz3challenge, isRec true return default
10-27 23:41:57.622 6465-6465/? I/PushLog2714: [main-1]action is android.intent.action.PACKAGE_ADDED(android/null:-1)
10-27 23:41:57.639 918-977/? D/HwCust: Create obj success use class android.content.res.HwCustHwResourcesImpl
10-27 23:41:57.646 918-977/? W/InputMethodManagerService: buildInputMethodListLocked: Skipping IME com.huawei.secime
10-27 23:41:57.646 2036-2036/? D/CarrierServiceBindHelper: Receive action: android.intent.action.PACKAGE_ADDED
10-27 23:41:57.647 2036-2036/? D/CarrierServiceBindHelper: Receive action: android.intent.action.PACKAGE_REPLACED
10-27 23:41:57.647 2036-2036/? D/CarrierServiceBindHelper: mHandler: 3
10-27 23:41:57.648 2036-2036/? D/CarrierServiceBindHelper: mHandler: 3
10-27 23:41:57.648 2036-2036/? D/CarrierServiceBindHelper: mHandler: 3
10-27 23:41:57.648 2036-2036/? D/CarrierConfigLoader: mHandler: 9 phoneId: 0
10-27 23:41:57.655 2325-2386/? W/AccountTypeManager: No authenticator found for type=com.google, ignoring it.
10-27 23:41:57.664 9169-9182/? I/art: GC statistics: 8 time(s), freed 136234(21MB) objects, paused 8.746ms total 213.945ms
10-27 23:41:57.664 9169-9182/? I/art: Background partial concurrent mark sweep GC freed 25117(2MB) AllocSpace objects, 43(860KB) LOS objects, 17% free, 18MB/22MB, paused 688us total 168.123ms at HeapTaskDaemon thread CareAboutPauseTimes 1
10-27 23:41:57.666 8521-8584/? I/HiApp.BaseAppDataManage: main{1} replace app,receive REMVED Broadcast.do nothing
10-27 23:41:57.667 8521-8584/? I/HiApp.PackageService: main{1} BaseAppDataManage apkChangedReceiver, action = android.intent.action.PACKAGE_ADDED,packageName:com.lingsh.android.geoquiz3challenge
10-27 23:41:57.684 1771-1781/? I/art: Background partial concurrent mark sweep GC freed 15709(1575KB) AllocSpace objects, 32(1036KB) LOS objects, 18% free, 17MB/21MB, paused 13.450ms total 185.775ms at HeapTaskDaemon thread CareAboutPauseTimes 1
10-27 23:41:57.699 8521-8594/? I/SendBroadcastPermission: action:com.huawei.appmarket.service.downloadservice.Receiver, mPermissionType:0
10-27 23:41:57.699 918-2063/? I/ActivityManager: collectReceiverComponents for intent: Intent { act=com.huawei.appmarket.service.downloadservice.Receiver flg=0x10 pkg=com.huawei.appmarket }, receivers: null
10-27 23:41:57.710 918-918/? D/HwCust: Create obj success use class android.content.res.HwCustHwResourcesImpl
10-27 23:41:57.714 918-977/? D/HwCust: Create obj success use class android.content.res.HwCustHwResourcesImpl
10-27 23:41:57.721 2325-2386/? D/HwCust: Create obj success use class com.android.contacts.model.account.HwCustExchangeAccountTypeImpl
10-27 23:41:57.741 918-918/? D/HwCust: Create obj success use class android.content.res.HwCustHwResourcesImpl
10-27 23:41:57.746 918-977/? W/InputMethodManagerService: Skipping input method ComponentInfo{com.UCMobile/com.pp.assistant.cockroach.service.CockroachService}: it does not require the permission android.permission.BIND_INPUT_METHOD
10-27 23:41:57.746 918-977/? I/HwInputMethodManagerService: isSecureIMEExist = true
10-27 23:41:57.747 8521-8584/? I/HiApp.PackageService: main{1} InstallerReceiver InstallerReceiver onReceive action: android.intent.action.PACKAGE_REMOVED,packageName:com.lingsh.android.geoquiz3challenge
10-27 23:41:57.750 918-2061/? I/AccountManagerService: getTypesVisibleToCaller: isPermitted? true
10-27 23:41:57.755 2325-2386/? I/ContactsPerf: AccountTypeManager.loadAccountsInBackground start
10-27 23:41:57.757 2325-2386/? W/AccountTypeManager: No authenticator found for type=com.google, ignoring it.
10-27 23:41:57.759 2325-2386/? D/HwCust: Create obj success use class com.android.contacts.model.account.HwCustExchangeAccountTypeImpl
10-27 23:41:57.760 918-1811/? I/AccountManagerService: getTypesVisibleToCaller: isPermitted? true
10-27 23:41:57.765 918-977/? W/InputMethodManagerService: buildInputMethodListLocked: Skipping IME com.baidu.input_huawei
10-27 23:41:57.779 918-977/? D/HwCust: Create obj success use class android.content.res.HwCustHwResourcesImpl
10-27 23:41:57.779 918-977/? W/InputMethodManagerService: buildInputMethodListLocked: Skipping IME com.android.inputmethod.latin
10-27 23:41:57.780 918-977/? W/InputMethodManagerService: Skipping input method ComponentInfo{com.UCMobile/com.pp.assistant.cockroach.service.CockroachService}: it does not require the permission android.permission.BIND_INPUT_METHOD
10-27 23:41:57.780 918-977/? W/InputMethodManagerService: Default IME is uninstalled. Choose new default IME.
10-27 23:41:57.783 918-977/? D/HwCust: Create obj success use class android.content.res.HwCustHwResourcesImpl
10-27 23:41:57.787 918-977/? D/HwCust: Create obj success use class android.content.res.HwCustHwResourcesImpl
10-27 23:41:57.790 1771-2377/? W/HwSystemManager: StartupConsistencyChecker:loadAndUpdateExistPackageData not valid startupInfo of com.lingsh.android.geoquiz3challenge
10-27 23:41:57.813 918-977/? D/HwCust: Create obj success use class android.content.res.HwCustHwResourcesImpl
10-27 23:41:57.816 918-940/? I/ActivityManager: retrieveServiceLocked, callerApp: ProcessRecord{997ce66 8850:com.android.gallery3d/u0a17}, flags: 400
10-27 23:41:57.817 918-940/? I/ActivityManager: bindServiceLocked, r: ServiceRecord{75ffd50 u0 euid: 0 com.android.gallery3d/com.huawei.gallery.photoshare.receiver.PackageAddedReceiver$AsyncService}, euid: 0
10-27 23:41:57.817 8521-8584/? I/HiApp.ProtocolComponent: main{1} getProtocolInfo
10-27 23:41:57.840 918-977/? D/HwCust: Create obj success use class android.content.res.HwCustHwResourcesImpl
10-27 23:41:57.876 918-918/? D/HwCust: Create obj success use class android.content.res.HwCustHwResourcesImpl
10-27 23:41:57.885 918-977/? D/HwCust: Create obj success use class android.content.res.HwCustHwResourcesImpl
10-27 23:41:57.957 8521-8584/? E/HiApp.InstalledAppDataMgr: main{1} <<< ERROR >>> removeInstalledApp, installedAppList == null
10-27 23:41:57.958 10185-10185/? I/appproc: CLASSPATH=/system/framework/am.jar
10-27 23:41:57.958 10185-10185/? I/appproc: Command=app_process /system/bin com.android.commands.am.Am start -n com.lingsh.android.geoquiz3challenge/com.lingsh.android.geoquiz3challenge.MainActivity -a android.intent.action.MAIN -c android.intent.category.LAUNCHER
10-27 23:41:57.958 10185-10185/? D/AndroidRuntime: >>>>>> START com.android.internal.os.RuntimeInit uid 2000 <<<<<<
10-27 23:41:57.962 10185-10185/? D/AndroidRuntime: CheckJNI is OFF
10-27 23:41:57.962 10185-10185/? I/AndroidRuntime: readDownloadBoosterConfig: 'false'
10-27 23:41:57.979 8521-8584/? I/HiApp.UpdateManager/AppFileInfoManager: pool-6-thread-1{843} delete AppFileInfo & AppKeySets:com.lingsh.android.geoquiz3challenge
10-27 23:41:57.980 918-918/? D/HwCust: Create obj success use class android.content.res.HwCustHwResourcesImpl
10-27 23:41:57.980 8521-8584/? I/HiApp.ApkObtainTask: pool-6-thread-1{843} Do task with cmd:OnlineDataDetect,needNotify:false,param:null
10-27 23:41:57.983 8521-8584/? I/HiApp.APP_SYN: main{1} cdi add pkg=com.lingsh.android.geoquiz3challenge
10-27 23:41:57.987 918-977/? D/HwCust: Create obj success use class android.content.res.HwCustHwResourcesImpl
10-27 23:41:58.000 10185-10185/? D/ICU: No timezone override file found: /data/misc/zoneinfo/current/icu/icu_tzdata.dat
10-27 23:41:58.003 8521-8584/? W/HiApp.DownloadEngine/HiAppDownload: main{1} <<< WARN >>> DownloadManager.cancel failed, no such task, package=com.lingsh.android.geoquiz3challenge
10-27 23:41:58.020 8521-8584/? I/HiApp.AppProfileManagerImpl: main{1} APP_PROFILE_UNSUPPORT
10-27 23:41:58.025 10185-10185/? I/HWSERVICES: hwnative_get_component_register:libdrmbitmap,JNI
10-27 23:41:58.035 10185-10185/? I/Radio-JNI: register_android_hardware_Radio DONE
10-27 23:41:58.041 10185-10185/? V/HwFrameworkFactory: : successes to get AllImpl object and return....
10-27 23:41:58.041 918-977/? D/HwCust: Create obj success use class android.content.res.HwCustHwResourcesImpl
10-27 23:41:58.045 10185-10185/? I/android_hardware_fm.cpp: register_android_hardware_fm_fmradio
10-27 23:41:58.045 10185-10185/? I/android_hardware_fm.cpp: ========64bit long size = 8
10-27 23:41:58.045 10185-10185/? I/android_hardware_fm.cpp: FM: get chip type = hisi
10-27 23:41:58.046 10185-10185/? I/INI_SO: [ini_module_init:1008]ini module init func
10-27 23:41:58.046 10185-10185/? I/fm_hisi: FM::[fm_device_open:2784] fm_device_open
10-27 23:41:58.046 10185-10185/? I/fm_hisi: FM::[fm_device_open:2796] find the id:fm and begins to open the device
10-27 23:41:58.046 10185-10185/? I/fm_hisi: FM::[fm_device_open:2840] device open sucess
10-27 23:41:58.046 10185-10185/? I/android_hardware_fm.cpp: register_android_hardware_fm_fmradio, ret is 0
10-27 23:41:58.059 8521-8521/? I/SendBroadcastPermission: action:com.huawei.appmarket.service.downloadservice.Receiver, mPermissionType:0
10-27 23:41:58.060 918-2020/? I/ActivityManager: collectReceiverComponents for intent: Intent { act=com.huawei.appmarket.service.downloadservice.Receiver flg=0x10 (has extras) }, receivers: null
10-27 23:41:58.061 2090-2090/? I/HwLauncher: LauncherDownloadModel onReceive intent=Intent { act=com.huawei.appmarket.service.downloadservice.Receiver flg=0x10 (has extras) }
10-27 23:41:58.061 2090-2090/? I/HwLauncher: LauncherDownloadModel op:3
10-27 23:41:58.063 918-1768/? I/ActivityManager: retrieveServiceLocked, callerApp: ProcessRecord{997ce66 8850:com.android.gallery3d/u0a17}, flags: 400
10-27 23:41:58.063 10185-10185/? D/AndroidRuntime: Calling main entry com.android.commands.am.Am
10-27 23:41:58.064 918-1768/? I/ActivityManager: bindServiceLocked, r: ServiceRecord{f323a81 u0 euid: 0 com.android.gallery3d/com.huawei.gallery.photoshare.receiver.GalleryPackageMonitor$AsyncService}, euid: 0
10-27 23:41:58.067 2090-2090/? I/HwLauncher: LauncherDownloadModel DownloadUpdatedTask DownloadInfo:
      mAction=com.huawei.appmarket.service.downloadservice.Receiver mDownloadid=com.lingsh.android.geoquiz3challenge mProgress=0.0 mDownloadtitle=null mOp=3 mUser=UserHandle{0}
10-27 23:41:58.069 918-940/? I/ActivityManager: resolve info: ResolveInfo{6fc6726 com.lingsh.android.geoquiz3challenge/.MainActivity m=0x0 euid=0}, euid: 0
10-27 23:41:58.072 918-940/? I/ActivityManager: ActivityRecord info: ActivityInfo{e49af67 com.lingsh.android.geoquiz3challenge.MainActivity}, euid=0
10-27 23:41:58.103 918-1944/? I/HwActivityManagerService: PackageName for pid 6352 is com.android.vending
10-27 23:41:58.105 918-940/? D/HwCust: Create obj success use class android.content.res.HwCustHwResourcesImpl
10-27 23:41:58.111 918-940/? I/ActivityManager: create new task record, multiLaunchId: 0, intent = Intent { act=android.intent.action.MAIN cat=[android.intent.category.LAUNCHER] flg=0x10000000 cmp=com.lingsh.android.geoquiz3challenge/.MainActivity }
10-27 23:41:58.111 918-940/? V/HwWindowManagerService: moveTaskToTop mTaskChanged:true
10-27 23:41:58.116 918-940/? I/ActivityManager: mService.startProcessLocked for activity: ActivityRecord{97b4114 u0 com.lingsh.android.geoquiz3challenge/.MainActivity t49}, appinfo euid: 0
10-27 23:41:58.116 918-940/? D/ActivityManager: Clearing bad pkg: com.lingsh.android.geoquiz3challenge
10-27 23:41:58.116 918-940/? I/ActivityManager: new Process app=ProcessRecord{5b7db03 0:com.lingsh.android.geoquiz3challenge/u0a118}, name: com.lingsh.android.geoquiz3challenge, euid: 0
10-27 23:41:58.129 918-940/? I/ActivityManager: Start proc 10196:com.lingsh.android.geoquiz3challenge/u0a118 for activity com.lingsh.android.geoquiz3challenge/.MainActivity
10-27 23:41:58.132 918-940/? V/HwWindowManagerService: moveTaskToTop mTaskChanged:true
